2000-01: fetching ... 312 events inserted.
2000-02: fetching ... 274 events inserted.
2000-03: fetching ... 318 events inserted.
2000-04: fetching ... 299 events inserted.
2000-05: fetching ... 370 events inserted.
2000-06: fetching ... 549 events inserted.
2000-07: fetching ... 531 events inserted.
2000-08: fetching ... 459 events inserted.
2000-09: fetching ... 323 events inserted.
2000-10: fetching ... 362 events inserted.
2000-11: fetching ... 674 events inserted.
2000-12: fetching ... 392 events inserted.
2001-01: fetching ... 380 events inserted.
2001-02: fetching ... 357 events inserted.
2001-03: fetching ... 336 events inserted.
2001-04: fetching ... 362 events inserted.
2001-05: fetching ... 323 events inserted.
2001-06: fetching ... Long ID found: official20010623203314130_33 (28 chars)
477 events inserted.
2001-07: fetching ... 360 events inserted.
2001-08: fetching ... 458 events inserted.
2001-09: fetching ... 334 events inserted.
2001-10: fetching ... 398 events inserted.
2001-11: fetching ... 365 events inserted.
2001-12: fetching ... 337 events inserted.
2002-01: fetching ... 386 events inserted.
2002-02: fetching ... 313 events inserted.
2002-03: fetching ... 394 events inserted.
2002-04: fetching ... 335 events inserted.
2002-05: fetching ... 325 events inserted.
2002-06: fetching ... 411 events inserted.
2002-07: fetching ... 324 events inserted.
2002-08: fetching ... 362 events inserted.
2002-09: fetching ... 481 events inserted.
2002-10: fetching ... 548 events inserted.
2002-11: fetching ... 522 events inserted.
2002-12: fetching ... 397 events inserted.
2026-05-23 22:24 - WARNING - Long ID found: official20030925195006360_27 (28 chars)
2026-05-23 22:24 - WARNING - Long ID found: official20041226005853450_30 (28 chars)
2026-05-23 22:31 - INFO - 2003-01: already loaded, skipping.
2026-05-23 22:31 - INFO - 2003-02: already loaded, skipping.
2026-05-23 22:31 - INFO - 2003-03: already loaded, skipping.
2026-05-23 22:31 - INFO - 2003-04: already loaded, skipping.
2026-05-23 22:31 - INFO - 2003-05: already loaded, skipping.
2026-05-23 22:31 - INFO - 2003-06: already loaded, skipping.
2026-05-23 22:31 - INFO - 2003-07: already loaded, skipping.
2026-05-23 22:31 - INFO - 2003-08: already loaded, skipping.
2026-05-23 22:31 - INFO - 2003-09: already loaded, skipping.
2026-05-23 22:31 - INFO - 2003-10: already loaded, skipping.
2026-05-23 22:31 - INFO - 2003-11: already loaded, skipping.
2026-05-23 22:31 - INFO - 2003-12: already loaded, skipping.
2026-05-23 22:31 - INFO - 2004-01: already loaded, skipping.
2026-05-23 22:31 - INFO - 2004-02: already loaded, skipping.
2026-05-23 22:31 - INFO - 2004-03: already loaded, skipping.
2026-05-23 22:31 - INFO - 2004-04: already loaded, skipping.
2026-05-23 22:31 - INFO - 2004-05: already loaded, skipping.
2026-05-23 22:31 - INFO - 2004-06: already loaded, skipping.
2026-05-23 22:31 - INFO - 2004-07: already loaded, skipping.
2026-05-23 22:31 - INFO - 2004-08: already loaded, skipping.
2026-05-23 22:31 - INFO - 2004-09: already loaded, skipping.
2026-05-23 22:31 - INFO - 2004-10: already loaded, skipping.
2026-05-23 22:31 - INFO - 2004-11: already loaded, skipping.
2026-05-23 22:31 - INFO - 2004-12: already loaded, skipping.
2026-05-23 22:32 - INFO - 2005-01: fetching ...
2026-05-23 22:32 - INFO - 1202 events inserted.
2026-05-23 22:32 - INFO - 2005-02: fetching ...
2026-05-23 22:32 - INFO - 498 events inserted.
2026-05-23 22:32 - INFO - 2005-03: fetching ...
2026-05-23 22:32 - WARNING - Long ID found: official20050328160936530_30 (28 chars)
2026-05-23 22:32 - INFO - 734 events inserted.
2026-05-23 22:32 - INFO - 2005-04: fetching ...
2026-05-23 22:32 - INFO - 827 events inserted.
2026-05-23 22:32 - INFO - 2005-05: fetching ...
2026-05-23 22:32 - INFO - 576 events inserted.
2026-05-23 22:32 - INFO - 2005-06: fetching ...
2026-05-23 22:32 - INFO - 559 events inserted.
2026-05-23 22:32 - INFO - 2005-07: fetching ...
2026-05-23 22:32 - INFO - 544 events inserted.
2026-05-23 22:32 - INFO - 2005-08: fetching ...
2026-05-23 22:32 - INFO - 492 events inserted.
2026-05-23 22:32 - INFO - 2005-09: fetching ...
2026-05-23 22:32 - INFO - 600 events inserted.
2026-05-23 22:32 - INFO - 2005-10: fetching ...
2026-05-23 22:32 - INFO - 624 events inserted.
2026-05-23 22:32 - INFO - 2005-11: fetching ...
2026-05-23 22:32 - INFO - 432 events inserted.
2026-05-23 22:32 - INFO - 2005-12: fetching ...
2026-05-23 22:32 - INFO - 523 events inserted.
2026-05-23 22:32 - INFO - 2006-01: fetching ...
2026-05-23 22:32 - INFO - 428 events inserted.
2026-05-23 22:32 - INFO - 2006-02: fetching ...
2026-05-23 22:32 - INFO - 424 events inserted.
2026-05-23 22:32 - INFO - 2006-03: fetching ...
2026-05-23 22:32 - INFO - 592 events inserted.
2026-05-23 22:32 - INFO - 2006-04: fetching ...
2026-05-23 22:32 - INFO - 563 events inserted.
2026-05-23 22:32 - INFO - 2006-05: fetching ...
2026-05-23 22:32 - INFO - 680 events inserted.
2026-05-23 22:32 - INFO - 2006-06: fetching ...
2026-05-23 22:32 - INFO - 495 events inserted.
2026-05-23 22:32 - INFO - 2006-07: fetching ...
2026-05-23 22:32 - INFO - 723 events inserted.
2026-05-23 22:32 - INFO - 2006-08: fetching ...
2026-05-23 22:32 - INFO - 514 events inserted.
2026-05-23 22:32 - INFO - 2006-09: fetching ...
2026-05-23 22:32 - INFO - 409 events inserted.
2026-05-23 22:32 - INFO - 2006-10: fetching ...
2026-05-23 22:32 - INFO - 544 events inserted.
2026-05-23 22:32 - INFO - 2006-11: fetching ...
2026-05-23 22:32 - INFO - 980 events inserted.
2026-05-23 22:32 - INFO - 2006-12: fetching ...
2026-05-23 22:32 - INFO - 496 events inserted.
2026-05-23 22:32 - INFO - 2007-01: fetching ...
2026-05-23 22:32 - INFO - 680 events inserted.
2026-05-23 22:32 - INFO - 2007-02: fetching ...
2026-05-23 22:32 - INFO - 468 events inserted.
2026-05-23 22:32 - INFO - 2007-03: fetching ...
2026-05-23 22:32 - INFO - 532 events inserted.
2026-05-23 22:32 - INFO - 2007-04: fetching ...
2026-05-23 22:32 - INFO - 838 events inserted.
2026-05-23 22:32 - INFO - 2007-05: fetching ...
2026-05-23 22:32 - INFO - 454 events inserted.
2026-05-23 22:32 - INFO - 2007-06: fetching ...
2026-05-23 22:32 - INFO - 462 events inserted.
2026-05-23 22:32 - INFO - 2007-07: fetching ...
2026-05-23 22:32 - INFO - 518 events inserted.
2026-05-23 22:32 - INFO - 2007-08: fetching ...
2026-05-23 22:32 - INFO - 672 events inserted.
2026-05-23 22:32 - INFO - 2007-09: fetching ...
2026-05-23 22:32 - WARNING - Long ID found: official20070912111026830_34 (28 chars)
2026-05-23 22:32 - INFO - 755 events inserted.
2026-05-23 22:32 - INFO - 2007-10: fetching ...
2026-05-23 22:32 - INFO - 574 events inserted.
2026-05-23 22:32 - INFO - 2007-11: fetching ...
2026-05-23 22:32 - INFO - 556 events inserted.
2026-05-23 22:32 - INFO - 2007-12: fetching ...
2026-05-23 22:32 - INFO - 551 events inserted.
2026-05-23 22:32 - INFO - 2008-01: fetching ...
2026-05-23 22:32 - INFO - 429 events inserted.
2026-05-23 22:32 - INFO - 2008-02: fetching ...
2026-05-23 22:32 - INFO - 481 events inserted.
2026-05-23 22:32 - INFO - 2008-03: fetching ...
2026-05-23 22:32 - INFO - 508 events inserted.
2026-05-23 22:32 - INFO - 2008-04: fetching ...
2026-05-23 22:32 - INFO - 539 events inserted.
2026-05-23 22:32 - INFO - 2008-05: fetching ...
2026-05-23 22:32 - INFO - 687 events inserted.
2026-05-23 22:32 - INFO - 2008-06: fetching ...
2026-05-23 22:32 - INFO - 562 events inserted.
2026-05-23 22:32 - INFO - 2008-07: fetching ...
2026-05-23 22:33 - INFO - 449 events inserted.
2026-05-23 22:33 - INFO - 2008-08: fetching ...
2026-05-23 22:33 - INFO - 488 events inserted.
2026-05-23 22:33 - INFO - 2008-09: fetching ...
2026-05-23 22:33 - INFO - 467 events inserted.
2026-05-23 22:33 - INFO - 2008-10: fetching ...
2026-05-23 22:33 - INFO - 551 events inserted.
2026-05-23 22:33 - INFO - 2008-11: fetching ...
2026-05-23 22:33 - INFO - 451 events inserted.
2026-05-23 22:33 - INFO - 2008-12: fetching ...
2026-05-23 22:33 - INFO - 510 events inserted.
2026-05-23 22:33 - INFO - 2009-01: fetching ...
2026-05-23 22:33 - INFO - 632 events inserted.
2026-05-23 22:33 - INFO - 2009-02: fetching ...
2026-05-23 22:33 - INFO - 581 events inserted.
2026-05-23 22:33 - INFO - 2009-03: fetching ...
2026-05-23 22:33 - INFO - 469 events inserted.
2026-05-23 22:33 - INFO - 2009-04: fetching ...
2026-05-23 22:33 - INFO - 441 events inserted.
2026-05-23 22:33 - INFO - 2009-05: fetching ...
2026-05-23 22:33 - INFO - 380 events inserted.
2026-05-23 22:33 - INFO - 2009-06: fetching ...
2026-05-23 22:33 - INFO - 375 events inserted.
2026-05-23 22:33 - INFO - 2009-07: fetching ...
2026-05-23 22:33 - INFO - 465 events inserted.
2026-05-23 22:33 - INFO - 2009-08: fetching ...
2026-05-23 22:33 - INFO - 491 events inserted.
2026-05-23 22:33 - INFO - 2009-09: fetching ...
2026-05-23 22:33 - INFO - 409 events inserted.
2026-05-23 22:33 - INFO - 2009-10: fetching ...
2026-05-23 22:33 - INFO - 739 events inserted.
2026-05-23 22:33 - INFO - 2009-11: fetching ...
2026-05-23 22:33 - INFO - 418 events inserted.
2026-05-23 22:33 - INFO - 2009-12: fetching ...
2026-05-23 22:33 - INFO - 440 events inserted.
2026-05-23 22:34 - INFO - 2010-01: fetching ...
2026-05-23 22:34 - INFO - 561 events inserted.
2026-05-23 22:34 - INFO - 2010-02: fetching ...
2026-05-23 22:34 - WARNING - Long ID found: official20100227063411530_30 (28 chars)
2026-05-23 22:34 - INFO - 629 events inserted.
2026-05-23 22:34 - INFO - 2010-03: fetching ...
2026-05-23 22:34 - INFO - 918 events inserted.
2026-05-23 22:34 - INFO - 2010-04: fetching ...
2026-05-23 22:34 - INFO - 482 events inserted.
2026-05-23 22:34 - INFO - 2010-05: fetching ...
2026-05-23 22:34 - INFO - 464 events inserted.
2026-05-23 22:34 - INFO - 2010-06: fetching ...
2026-05-23 22:34 - INFO - 417 events inserted.
2026-05-23 22:34 - INFO - 2010-07: fetching ...
2026-05-23 22:34 - INFO - 524 events inserted.
2026-05-23 22:34 - INFO - 2010-08: fetching ...
2026-05-23 22:34 - INFO - 552 events inserted.
2026-05-23 22:34 - INFO - 2010-09: fetching ...
2026-05-23 22:34 - INFO - 459 events inserted.
2026-05-23 22:34 - INFO - 2010-10: fetching ...
2026-05-23 22:34 - INFO - 479 events inserted.
2026-05-23 22:34 - INFO - 2010-11: fetching ...
2026-05-23 22:34 - INFO - 505 events inserted.
2026-05-23 22:34 - INFO - 2010-12: fetching ...
2026-05-23 22:34 - INFO - 895 events inserted.
2026-05-23 22:34 - INFO - 2011-01: fetching ...
2026-05-23 22:34 - INFO - 652 events inserted.
2026-05-23 22:34 - INFO - 2011-02: fetching ...
2026-05-23 22:34 - INFO - 460 events inserted.
2026-05-23 22:34 - INFO - 2011-03: fetching ...
2026-05-23 22:34 - WARNING - Long ID found: official20110311054624120_30 (28 chars)
2026-05-23 22:34 - INFO - 2363 events inserted.
2026-05-23 22:34 - INFO - 2011-04: fetching ...
2026-05-23 22:34 - INFO - 805 events inserted.
2026-05-23 22:34 - INFO - 2011-05: fetching ...
2026-05-23 22:34 - INFO - 758 events inserted.
2026-05-23 22:34 - INFO - 2011-06: fetching ...
2026-05-23 22:34 - INFO - 653 events inserted.
2026-05-23 22:34 - INFO - 2011-07: fetching ...
2026-05-23 22:34 - INFO - 821 events inserted.
2026-05-23 22:34 - INFO - 2011-08: fetching ...
2026-05-23 22:34 - INFO - 608 events inserted.
2026-05-23 22:34 - INFO - 2011-09: fetching ...
2026-05-23 22:34 - INFO - 511 events inserted.
2026-05-23 22:34 - INFO - 2011-10: fetching ...
2026-05-23 22:34 - INFO - 604 events inserted.
2026-05-23 22:34 - INFO - 2011-11: fetching ...
2026-05-23 22:34 - INFO - 549 events inserted.
2026-05-23 22:34 - INFO - 2011-12: fetching ...
2026-05-23 22:34 - INFO - 537 events inserted.
2026-05-23 22:34 - INFO - 2012-01: fetching ...
2026-05-23 22:34 - INFO - 631 events inserted.
2026-05-23 22:34 - INFO - 2012-02: fetching ...
2026-05-23 22:34 - INFO - 676 events inserted.
2026-05-23 22:34 - INFO - 2012-03: fetching ...
2026-05-23 22:34 - INFO - 682 events inserted.
2026-05-23 22:34 - INFO - 2012-04: fetching ...
2026-05-23 22:34 - WARNING - Long ID found: official20120411083836720_20 (28 chars)
2026-05-23 22:34 - INFO - 758 events inserted.
2026-05-23 22:34 - INFO - 2012-05: fetching ...
2026-05-23 22:34 - INFO - 505 events inserted.
2026-05-23 22:34 - INFO - 2012-06: fetching ...
2026-05-23 22:34 - INFO - 471 events inserted.
2026-05-23 22:34 - INFO - 2012-07: fetching ...
2026-05-23 22:34 - INFO - 505 events inserted.
2026-05-23 22:34 - INFO - 2012-08: fetching ...
2026-05-23 22:34 - INFO - 480 events inserted.
2026-05-23 22:34 - INFO - 2012-09: fetching ...
2026-05-23 22:34 - INFO - 619 events inserted.
2026-05-23 22:34 - INFO - 2012-10: fetching ...
2026-05-23 22:34 - INFO - 541 events inserted.
2026-05-23 22:34 - INFO - 2012-11: fetching ...
2026-05-23 22:34 - INFO - 522 events inserted.
2026-05-23 22:34 - INFO - 2012-12: fetching ...
2026-05-23 22:34 - INFO - 550 events inserted.
2026-05-23 22:34 - INFO - 2013-01: fetching ...
2026-05-23 22:34 - INFO - 521 events inserted.
2026-05-23 22:34 - INFO - 2013-02: fetching ...
2026-05-23 22:34 - INFO - 965 events inserted.
2026-05-23 22:34 - INFO - 2013-03: fetching ...
2026-05-23 22:34 - INFO - 477 events inserted.
2026-05-23 22:34 - INFO - 2013-04: fetching ...
2026-05-23 22:34 - INFO - 545 events inserted.
2026-05-23 22:34 - INFO - 2013-05: fetching ...
2026-05-23 22:34 - INFO - 566 events inserted.
2026-05-23 22:34 - INFO - 2013-06: fetching ...
2026-05-23 22:34 - INFO - 434 events inserted.
2026-05-23 22:34 - INFO - 2013-07: fetching ...
2026-05-23 22:34 - INFO - 521 events inserted.
2026-05-23 22:34 - INFO - 2013-08: fetching ...
2026-05-23 22:34 - INFO - 481 events inserted.
2026-05-23 22:34 - INFO - 2013-09: fetching ...
2026-05-23 22:34 - INFO - 510 events inserted.
2026-05-23 22:34 - INFO - 2013-10: fetching ...
2026-05-23 22:34 - INFO - 586 events inserted.
2026-05-23 22:34 - INFO - 2013-11: fetching ...
2026-05-23 22:34 - INFO - 767 events inserted.
2026-05-23 22:34 - INFO - 2013-12: fetching ...
2026-05-23 22:34 - INFO - 610 events inserted.
2026-05-23 22:34 - INFO - 2014-01: fetching ...
2026-05-23 22:34 - INFO - 624 events inserted.
2026-05-23 22:34 - INFO - 2014-02: fetching ...
2026-05-23 22:34 - INFO - 531 events inserted.
2026-05-23 22:34 - INFO - 2014-03: fetching ...
2026-05-23 22:34 - INFO - 650 events inserted.
2026-05-23 22:34 - INFO - 2014-04: fetching ...
2026-05-23 22:34 - INFO - 1005 events inserted.
2026-05-23 22:34 - INFO - 2014-05: fetching ...
2026-05-23 22:34 - INFO - 651 events inserted.
2026-05-23 22:34 - INFO - 2014-06: fetching ...
2026-05-23 22:34 - INFO - 746 events inserted.
2026-05-23 22:34 - INFO - 2014-07: fetching ...
2026-05-23 22:34 - INFO - 643 events inserted.
2026-05-23 22:34 - INFO - 2014-08: fetching ...
2026-05-23 22:34 - INFO - 603 events inserted.
2026-05-23 22:34 - INFO - 2014-09: fetching ...
2026-05-23 22:34 - INFO - 557 events inserted.
2026-05-23 22:34 - INFO - 2014-10: fetching ...
2026-05-23 22:34 - INFO - 731 events inserted.
2026-05-23 22:34 - INFO - 2014-11: fetching ...
2026-05-23 22:34 - INFO - 726 events inserted.
2026-05-23 22:34 - INFO - 2014-12: fetching ...
2026-05-23 22:34 - INFO - 584 events inserted.
2026-05-23 22:34 - INFO - 2015-01: fetching ...
2026-05-23 22:34 - INFO - 533 events inserted.
2026-05-23 22:34 - INFO - 2015-02: fetching ...
2026-05-23 22:34 - INFO - 503 events inserted.
2026-05-23 22:34 - INFO - 2015-03: fetching ...
2026-05-23 22:34 - INFO - 507 events inserted.
2026-05-23 22:34 - INFO - 2015-04: fetching ...
2026-05-23 22:34 - INFO - 511 events inserted.
2026-05-23 22:34 - INFO - 2015-05: fetching ...
2026-05-23 22:34 - INFO - 702 events inserted.
2026-05-23 22:34 - INFO - 2015-06: fetching ...
2026-05-23 22:34 - INFO - 495 events inserted.
2026-05-23 22:34 - INFO - 2015-07: fetching ...
2026-05-23 22:34 - INFO - 584 events inserted.
2026-05-23 22:34 - INFO - 2015-08: fetching ...
2026-05-23 22:34 - INFO - 528 events inserted.
2026-05-23 22:34 - INFO - 2015-09: fetching ...
2026-05-23 22:34 - INFO - 873 events inserted.
2026-05-23 22:34 - INFO - 2015-10: fetching ...
2026-05-23 22:34 - INFO - 510 events inserted.
2026-05-23 22:34 - INFO - 2015-11: fetching ...
2026-05-23 22:34 - INFO - 625 events inserted.
2026-05-23 22:34 - INFO - 2015-12: fetching ...
2026-05-23 22:35 - INFO - 593 events inserted.
2026-05-23 22:35 - INFO - 2016-01: fetching ...
2026-05-23 22:35 - INFO - 517 events inserted.
2026-05-23 22:35 - INFO - 2016-02: fetching ...
2026-05-23 22:35 - INFO - 483 events inserted.
2026-05-23 22:35 - INFO - 2016-03: fetching ...
2026-05-23 22:35 - INFO - 448 events inserted.
2026-05-23 22:35 - INFO - 2016-04: fetching ...
2026-05-23 22:35 - INFO - 672 events inserted.
2026-05-23 22:35 - INFO - 2016-05: fetching ...
2026-05-23 22:35 - INFO - 510 events inserted.
2026-05-23 22:35 - INFO - 2016-06: fetching ...
2026-05-23 22:35 - INFO - 560 events inserted.
2026-05-23 22:35 - INFO - 2016-07: fetching ...
2026-05-23 22:35 - INFO - 560 events inserted.
2026-05-23 22:35 - INFO - 2016-08: fetching ...
2026-05-23 22:35 - INFO - 709 events inserted.
2026-05-23 22:35 - INFO - 2016-09: fetching ...
2026-05-23 22:35 - INFO - 739 events inserted.
2026-05-23 22:35 - INFO - 2016-10: fetching ...
2026-05-23 22:35 - INFO - 460 events inserted.
2026-05-23 22:35 - INFO - 2016-11: fetching ...
2026-05-23 22:35 - INFO - 705 events inserted.
2026-05-23 22:35 - INFO - 2016-12: fetching ...
2026-05-23 22:35 - INFO - 870 events inserted.
2026-05-23 22:35 - INFO - 2017-01: fetching ...
2026-05-23 22:35 - INFO - 595 events inserted.
2026-05-23 22:35 - INFO - 2017-02: fetching ...
2026-05-23 22:35 - INFO - 435 events inserted.
2026-05-23 22:35 - INFO - 2017-03: fetching ...
2026-05-23 22:35 - INFO - 462 events inserted.
2026-05-23 22:35 - INFO - 2017-04: fetching ...
2026-05-23 22:35 - INFO - 498 events inserted.
2026-05-23 22:35 - INFO - 2017-05: fetching ...
2026-05-23 22:35 - INFO - 526 events inserted.
2026-05-23 22:35 - INFO - 2017-06: fetching ...
2026-05-23 22:35 - INFO - 383 events inserted.
2026-05-23 22:35 - INFO - 2017-07: fetching ...
2026-05-23 22:35 - INFO - 475 events inserted.
2026-05-23 22:35 - INFO - 2017-08: fetching ...
2026-05-23 22:35 - INFO - 448 events inserted.
2026-05-23 22:35 - INFO - 2017-09: fetching ...
2026-05-23 22:35 - INFO - 613 events inserted.
2026-05-23 22:35 - INFO - 2017-10: fetching ...
2026-05-23 22:35 - INFO - 467 events inserted.
2026-05-23 22:35 - INFO - 2017-11: fetching ...
2026-05-23 22:35 - INFO - 710 events inserted.
2026-05-23 22:35 - INFO - 2017-12: fetching ...
2026-05-23 22:35 - INFO - 512 events inserted.
2026-05-23 22:35 - INFO - 2018-01: fetching ...
2026-05-23 22:35 - INFO - 540 events inserted.
2026-05-23 22:35 - INFO - 2018-02: fetching ...
2026-05-23 22:35 - INFO - 537 events inserted.
2026-05-23 22:35 - INFO - 2018-03: fetching ...
2026-05-23 22:35 - INFO - 540 events inserted.
2026-05-23 22:35 - INFO - 2018-04: fetching ...
2026-05-23 22:35 - INFO - 479 events inserted.
2026-05-23 22:35 - INFO - 2018-05: fetching ...
2026-05-23 22:35 - INFO - 539 events inserted.
2026-05-23 22:35 - INFO - 2018-06: fetching ...
2026-05-23 22:35 - INFO - 493 events inserted.
2026-05-23 22:35 - INFO - 2018-07: fetching ...
2026-05-23 22:35 - INFO - 545 events inserted.
2026-05-23 22:35 - INFO - 2018-08: fetching ...
2026-05-23 22:35 - INFO - 780 events inserted.
2026-05-23 22:35 - INFO - 2018-09: fetching ...
2026-05-23 22:35 - INFO - 677 events inserted.
2026-05-23 22:35 - INFO - 2018-10: fetching ...
2026-05-23 22:35 - INFO - 827 events inserted.
2026-05-23 22:35 - INFO - 2018-11: fetching ...
2026-05-23 22:35 - INFO - 613 events inserted.
2026-05-23 22:35 - INFO - 2018-12: fetching ...
2026-05-23 22:35 - INFO - 782 events inserted.
2026-05-23 22:35 - INFO - 2019-01: fetching ...
2026-05-23 22:35 - INFO - 637 events inserted.
2026-05-23 22:35 - INFO - 2019-02: fetching ...
2026-05-23 22:35 - INFO - 538 events inserted.
2026-05-23 22:35 - INFO - 2019-03: fetching ...
2026-05-23 22:35 - INFO - 597 events inserted.
2026-05-23 22:35 - INFO - 2019-04: fetching ...
2026-05-23 22:35 - INFO - 625 events inserted.
2026-05-23 22:35 - INFO - 2019-05: fetching ...
2026-05-23 22:35 - INFO - 531 events inserted.
2026-05-23 22:35 - INFO - 2019-06: fetching ...
2026-05-23 22:35 - INFO - 621 events inserted.
2026-05-23 22:35 - INFO - 2019-07: fetching ...
2026-05-23 22:35 - INFO - 677 events inserted.
2026-05-23 22:35 - INFO - 2019-08: fetching ...
2026-05-23 22:35 - INFO - 486 events inserted.
2026-05-23 22:35 - INFO - 2019-09: fetching ...
2026-05-23 22:35 - INFO - 509 events inserted.
2026-05-23 22:35 - INFO - 2019-10: fetching ...
2026-05-23 22:35 - INFO - 549 events inserted.
2026-05-23 22:35 - INFO - 2019-11: fetching ...
2026-05-23 22:35 - INFO - 584 events inserted.
2026-05-23 22:35 - INFO - 2019-12: fetching ...
2026-05-23 22:35 - INFO - 630 events inserted.
2026-05-23 22:35 - INFO - 2020-01: fetching ...
2026-05-23 22:35 - INFO - 632 events inserted.
2026-05-23 22:35 - INFO - 2020-02: fetching ...
2026-05-23 22:35 - INFO - 504 events inserted.
2026-05-23 22:35 - INFO - 2020-03: fetching ...
2026-05-23 22:35 - INFO - 487 events inserted.
2026-05-23 22:35 - INFO - 2020-04: fetching ...
2026-05-23 22:35 - INFO - 441 events inserted.
2026-05-23 22:35 - INFO - 2020-05: fetching ...
2026-05-23 22:35 - INFO - 542 events inserted.
2026-05-23 22:35 - INFO - 2020-06: fetching ...
2026-05-23 22:35 - INFO - 569 events inserted.
2026-05-23 22:35 - INFO - 2020-07: fetching ...
2026-05-23 22:35 - INFO - 535 events inserted.
2026-05-23 22:35 - INFO - 2020-08: fetching ...
2026-05-23 22:35 - INFO - 510 events inserted.
2026-05-23 22:35 - INFO - 2020-09: fetching ...
2026-05-23 22:35 - INFO - 543 events inserted.
2026-05-23 22:35 - INFO - 2020-10: fetching ...
2026-05-23 22:35 - INFO - 580 events inserted.
2026-05-23 22:35 - INFO - 2020-11: fetching ...
2026-05-23 22:35 - INFO - 451 events inserted.
2026-05-23 22:35 - INFO - 2020-12: fetching ...
2026-05-23 22:35 - INFO - 513 events inserted.
2026-05-23 22:35 - INFO - 2021-01: fetching ...
2026-05-23 22:35 - INFO - 560 events inserted.
2026-05-23 22:35 - INFO - 2021-02: fetching ...
2026-05-23 22:35 - INFO - 820 events inserted.
2026-05-23 22:35 - INFO - 2021-03: fetching ...
2026-05-23 22:35 - INFO - 1239 events inserted.
2026-05-23 22:35 - INFO - 2021-04: fetching ...
2026-05-23 22:35 - INFO - 590 events inserted.
2026-05-23 22:35 - INFO - 2021-05: fetching ...
2026-05-23 22:35 - INFO - 605 events inserted.
2026-05-23 22:35 - INFO - 2021-06: fetching ...
2026-05-23 22:36 - INFO - 515 events inserted.
2026-05-23 22:36 - INFO - 2021-07: fetching ...
2026-05-23 22:36 - INFO - 591 events inserted.
2026-05-23 22:36 - INFO - 2021-08: fetching ...
2026-05-23 22:36 - INFO - 1259 events inserted.
2026-05-23 22:36 - INFO - 2021-09: fetching ...
2026-05-23 22:36 - INFO - 678 events inserted.
2026-05-23 22:36 - INFO - 2021-10: fetching ...
2026-05-23 22:36 - INFO - 533 events inserted.
2026-05-23 22:36 - INFO - 2021-11: fetching ...
2026-05-23 22:36 - INFO - 564 events inserted.
2026-05-23 22:36 - INFO - 2021-12: fetching ...
2026-05-23 22:36 - INFO - 742 events inserted.
2026-05-23 22:36 - INFO - 2022-01: fetching ...
2026-05-23 22:36 - INFO - 747 events inserted.
2026-05-23 22:36 - INFO - 2022-02: fetching ...
2026-05-23 22:36 - INFO - 626 events inserted.
2026-05-23 22:36 - INFO - 2022-03: fetching ...
2026-05-23 22:36 - INFO - 723 events inserted.
2026-05-23 22:36 - INFO - 2022-04: fetching ...
2026-05-23 22:36 - INFO - 631 events inserted.
2026-05-23 22:36 - INFO - 2022-05: fetching ...
2026-05-23 22:36 - INFO - 528 events inserted.
2026-05-23 22:36 - INFO - 2022-06: fetching ...
2026-05-23 22:36 - INFO - 549 events inserted.
2026-05-23 22:36 - INFO - 2022-07: fetching ...
2026-05-23 22:36 - INFO - 577 events inserted.
2026-05-23 22:36 - INFO - 2022-08: fetching ...
2026-05-23 22:36 - INFO - 540 events inserted.
2026-05-23 22:36 - INFO - 2022-09: fetching ...
2026-05-23 22:36 - INFO - 776 events inserted.
2026-05-23 22:36 - INFO - 2022-10: fetching ...
2026-05-23 22:36 - INFO - 599 events inserted.
2026-05-23 22:36 - INFO - 2022-11: fetching ...
2026-05-23 22:36 - INFO - 619 events inserted.
2026-05-23 22:36 - INFO - 2022-12: fetching ...
2026-05-23 22:36 - INFO - 571 events inserted.
2026-05-23 22:36 - INFO - 2023-01: fetching ...
2026-05-23 22:36 - INFO - 629 events inserted.
2026-05-23 22:36 - INFO - 2023-02: fetching ...
2026-05-23 22:36 - INFO - 635 events inserted.
2026-05-23 22:36 - INFO - 2023-03: fetching ...
2026-05-23 22:36 - INFO - 543 events inserted.
2026-05-23 22:36 - INFO - 2023-04: fetching ...
2026-05-23 22:36 - INFO - 519 events inserted.
2026-05-23 22:36 - INFO - 2023-05: fetching ...
2026-05-23 22:36 - INFO - 646 events inserted.
2026-05-23 22:36 - INFO - 2023-06: fetching ...
2026-05-23 22:36 - INFO - 598 events inserted.
2026-05-23 22:36 - INFO - 2023-07: fetching ...
2026-05-23 22:36 - INFO - 472 events inserted.
2026-05-23 22:36 - INFO - 2023-08: fetching ...
2026-05-23 22:36 - INFO - 479 events inserted.
2026-05-23 22:36 - INFO - 2023-09: fetching ...
2026-05-23 22:36 - INFO - 503 events inserted.
2026-05-23 22:36 - INFO - 2023-10: fetching ...
2026-05-23 22:36 - INFO - 655 events inserted.
2026-05-23 22:36 - INFO - 2023-11: fetching ...
2026-05-23 22:36 - INFO - 670 events inserted.
2026-05-23 22:36 - INFO - 2023-12: fetching ...
2026-05-23 22:36 - INFO - 1104 events inserted.
2026-05-23 22:36 - INFO - 2024-01: fetching ...
2026-05-23 22:36 - INFO - 608 events inserted.
2026-05-23 22:36 - INFO - 2024-02: fetching ...
2026-05-23 22:36 - INFO - 484 events inserted.
2026-05-23 22:36 - INFO - 2024-03: fetching ...
2026-05-23 22:36 - INFO - 488 events inserted.
2026-05-23 22:36 - INFO - 2024-04: fetching ...
2026-05-23 22:36 - INFO - 688 events inserted.
2026-05-23 22:36 - INFO - 2024-05: fetching ...
2026-05-23 22:36 - INFO - 525 events inserted.
2026-05-23 22:36 - INFO - 2024-06: fetching ...
2026-05-23 22:36 - INFO - 493 events inserted.
2026-05-23 22:36 - INFO - 2024-07: fetching ...
2026-05-23 22:36 - INFO - 456 events inserted.
2026-05-23 22:36 - INFO - 2024-08: fetching ...
2026-05-23 22:36 - INFO - 439 events inserted.
2026-05-23 22:36 - INFO - 2024-09: fetching ...
2026-05-23 22:36 - INFO - 474 events inserted.
2026-05-23 22:36 - INFO - 2024-10: fetching ...
2026-05-23 22:36 - INFO - 506 events inserted.
2026-05-23 22:36 - INFO - 2024-11: fetching ...
2026-05-23 22:36 - INFO - 465 events inserted.
2026-05-23 22:36 - INFO - 2024-12: fetching ...
2026-05-23 22:36 - INFO - 573 events inserted.
2026-05-23 22:36 - INFO - 2025-01: fetching ...
2026-05-23 22:36 - INFO - 637 events inserted.
2026-05-23 22:36 - INFO - 2025-02: fetching ...
2026-05-23 22:36 - INFO - 555 events inserted.
2026-05-23 22:36 - INFO - 2025-03: fetching ...
2026-05-23 22:36 - INFO - 520 events inserted.
2026-05-23 22:36 - INFO - 2025-04: fetching ...
2026-05-23 22:36 - INFO - 584 events inserted.
2026-05-23 22:36 - INFO - 2025-05: fetching ...
2026-05-23 22:36 - INFO - 568 events inserted.
2026-05-23 22:36 - INFO - 2025-06: fetching ...
2026-05-23 22:36 - INFO - 534 events inserted.
2026-05-23 22:36 - INFO - 2025-07: fetching ...
2026-05-23 22:36 - INFO - 1201 events inserted.
2026-05-23 22:36 - INFO - 2025-08: fetching ...
2026-05-23 22:36 - INFO - 958 events inserted.
2026-05-23 22:36 - INFO - 2025-09: fetching ...
2026-05-23 22:36 - INFO - 761 events inserted.
2026-05-23 22:36 - INFO - 2025-10: fetching ...
2026-05-23 22:36 - INFO - 735 events inserted.
2026-05-23 22:36 - INFO - 2025-11: fetching ...
2026-05-23 22:36 - INFO - 611 events inserted.
2026-05-23 22:36 - INFO - 2025-12: fetching ...
2026-05-23 22:36 - INFO - 550 events inserted.
2026-06-07 23:27 - INFO - Database already contains all earthquake data.
2026-06-07 23:28 - INFO - Clustering already complete. Skipping.
2026-06-07 23:34 - INFO - Database already contains all earthquake data.
2026-06-07 23:34 - INFO - Clustering already complete. Skipping.
2026-06-07 23:35 - INFO - Database already contains all earthquake data.
2026-06-07 23:35 - INFO - Clustering already complete. Skipping.
2026-06-07 23:36 - INFO - Database already contains all earthquake data.
2026-06-07 23:38 - INFO - cluster_id
 0    74563
-1    38334
 3    24820
 1    11079
 4     9679
 8     5329
 2     4685
 5     3014
 7     2518
 6     1784
dtype: int64
2026-06-07 23:43 - INFO - Database already contains all earthquake data.
2026-06-07 23:43 - INFO - Clustering already complete. Skipping.
2026-06-07 23:48 - INFO - Database already contains all earthquake data.
2026-06-07 23:48 - INFO - Clustering already complete. Skipping.
2026-06-07 23:49 - INFO - Database already contains all earthquake data.
2026-06-07 23:49 - INFO - Clustering already complete. Skipping.
2026-06-07 23:53 - INFO - Database already contains all earthquake data.
2026-06-07 23:53 - INFO - Clustering already complete. Skipping.
2026-06-07 23:58 - INFO - Database already contains all earthquake data.
2026-06-07 23:58 - INFO - Clustering already complete. Skipping.
2026-06-08 00:13 - INFO - Database already contains all earthquake data.
2026-06-08 00:13 - INFO - Clustering already complete. Skipping.
2026-06-08 00:14 - INFO - Database already contains all earthquake data.
2026-06-08 00:15 - INFO - Clustering already complete. Skipping.
2026-06-10 22:51 - INFO - Database already contains all earthquake data.
2026-06-10 22:51 - INFO - Clustering already complete. Skipping.
2026-06-10 22:59 - INFO - Database already contains all earthquake data.
2026-06-10 23:00 - INFO - Database already contains all earthquake data.
2026-06-10 23:01 - INFO - cluster_id
 0     110915
-1      31822
 2      10130
 1       5354
 4       5333
 6       3100
 3       3071
 5       1981
 8        952
 9        921
 7        865
 11       833
 10       528
dtype: int64
2026-06-10 23:08 - INFO - Database already contains all earthquake data.
2026-06-10 23:08 - INFO - Clustering already complete. Skipping.
2026-06-10 23:12 - INFO - Database already contains all earthquake data.
2026-06-10 23:12 - INFO - Clustering already complete. Skipping.
2026-06-10 23:15 - INFO - Database already contains all earthquake data.
2026-06-10 23:15 - INFO - Clustering already complete. Skipping.
2026-06-10 23:17 - INFO - Database already contains all earthquake data.
2026-06-10 23:17 - INFO - Clustering already complete. Skipping.
2026-06-13 23:08 - INFO - Database already contains all earthquake data.
2026-06-13 23:09 - INFO - cluster_id
 0     114892
-1      26170
 1      11322
 3       6103
 6       5336
 4       3504
 5       2076
 9       1393
 8       1038
 2        986
 7        959
 11       559
 10       524
 13       478
 12       465
dtype: int64
2026-06-21 18:41 - INFO - Database already contains all earthquake data.
2026-08-17 10:36 - INFO - select pg_catalog.version()
2026-08-17 10:36 - INFO - [raw sql] {}
2026-08-17 10:36 - INFO - select current_schema()
2026-08-17 10:36 - INFO - [raw sql] {}
2026-08-17 10:36 - INFO - show standard_conforming_strings
2026-08-17 10:36 - INFO - [raw sql] {}
2026-08-17 10:36 - INFO - BEGIN (implicit)
2026-08-17 10:36 - INFO - SELECT pg_catalog.pg_class.relname 
FROM pg_catalog.pg_class JOIN pg_catalog.pg_namespace ON pg_catalog.pg_namespace.oid = pg_catalog.pg_class.relnamespace 
WHERE pg_catalog.pg_class.relname = %(table_name)s AND pg_catalog.pg_class.relkind = ANY (ARRAY[%(param_1)s, %(param_2)s, %(param_3)s, %(param_4)s, %(param_5)s]) AND pg_catalog.pg_table_is_visible(pg_catalog.pg_class.oid) AND pg_catalog.pg_namespace.nspname != %(nspname_1)s
2026-08-17 10:36 - INFO - [generated in 0.00019s] {'table_name': 'polygon_plate_boundaries', 'param_1': 'r', 'param_2': 'p', 'param_3': 'f', 'param_4': 'v', 'param_5': 'm', 'nspname_1': 'pg_catalog'}
2026-08-17 10:36 - INFO - ROLLBACK
2026-08-17 10:36 - INFO - BEGIN (implicit)
2026-08-17 10:36 - INFO - SELECT pg_catalog.pg_attribute.attname AS name, pg_catalog.format_type(pg_catalog.pg_attribute.atttypid, pg_catalog.pg_attribute.atttypmod) AS format_type, (SELECT pg_catalog.pg_get_expr(pg_catalog.pg_attrdef.adbin, pg_catalog.pg_attrdef.adrelid) AS pg_get_expr_1 
FROM pg_catalog.pg_attrdef 
WHERE pg_catalog.pg_attrdef.adrelid = pg_catalog.pg_attribute.attrelid AND pg_catalog.pg_attrdef.adnum = pg_catalog.pg_attribute.attnum AND pg_catalog.pg_attribute.atthasdef) AS "default", pg_catalog.pg_attribute.attnotnull AS not_null, pg_catalog.pg_class.relname AS table_name, pg_catalog.pg_description.description AS comment, pg_catalog.pg_attribute.attgenerated AS generated, (SELECT json_build_object(%(json_build_object_2)s, pg_catalog.pg_attribute.attidentity = %(attidentity_1)s, %(json_build_object_3)s, pg_catalog.pg_sequence.seqstart, %(json_build_object_4)s, pg_catalog.pg_sequence.seqincrement, %(json_build_object_5)s, pg_catalog.pg_sequence.seqmin, %(json_build_object_6)s, pg_catalog.pg_sequence.seqmax, %(json_build_object_7)s, pg_catalog.pg_sequence.seqcache, %(json_build_object_8)s, pg_catalog.pg_sequence.seqcycle) AS json_build_object_1 
FROM pg_catalog.pg_sequence 
WHERE pg_catalog.pg_attribute.attidentity != %(attidentity_2)s AND pg_catalog.pg_sequence.seqrelid = CAST(CAST(pg_catalog.pg_get_serial_sequence(CAST(CAST(pg_catalog.pg_attribute.attrelid AS REGCLASS) AS TEXT), pg_catalog.pg_attribute.attname) AS REGCLASS) AS OID)) AS identity_options, CASE WHEN (pg_catalog.pg_attribute.attcollation != %(attcollation_1)s AND (SELECT pg_catalog.pg_type.typcollation 
FROM pg_catalog.pg_type 
WHERE pg_catalog.pg_type.oid = pg_catalog.pg_attribute.atttypid) != pg_catalog.pg_attribute.attcollation) THEN (SELECT pg_catalog.pg_collation.collname 
FROM pg_catalog.pg_collation 
WHERE pg_catalog.pg_collation.oid = pg_catalog.pg_attribute.attcollation) ELSE NULL END AS collation 
FROM pg_catalog.pg_class LEFT OUTER JOIN pg_catalog.pg_attribute ON pg_catalog.pg_class.oid = pg_catalog.pg_attribute.attrelid AND pg_catalog.pg_attribute.attnum > %(attnum_1)s AND NOT pg_catalog.pg_attribute.attisdropped LEFT OUTER JOIN pg_catalog.pg_description ON pg_catalog.pg_description.objoid = pg_catalog.pg_attribute.attrelid AND pg_catalog.pg_description.objsubid = pg_catalog.pg_attribute.attnum JOIN pg_catalog.pg_namespace ON pg_catalog.pg_namespace.oid = pg_catalog.pg_class.relnamespace 
WHERE pg_catalog.pg_class.relkind = ANY (ARRAY[%(param_1)s, %(param_2)s, %(param_3)s, %(param_4)s, %(param_5)s]) AND pg_catalog.pg_table_is_visible(pg_catalog.pg_class.oid) AND pg_catalog.pg_namespace.nspname != %(nspname_1)s AND pg_catalog.pg_class.relname IN (%(filter_names_1)s) ORDER BY pg_catalog.pg_class.relname, pg_catalog.pg_attribute.attnum
2026-08-17 10:36 - INFO - [generated in 0.00024s] {'json_build_object_2': 'always', 'attidentity_1': 'a', 'json_build_object_3': 'start', 'json_build_object_4': 'increment', 'json_build_object_5': 'minvalue', 'json_build_object_6': 'maxvalue', 'json_build_object_7': 'cache', 'json_build_object_8': 'cycle', 'attidentity_2': '', 'attcollation_1': 0, 'attnum_1': 0, 'param_1': 'r', 'param_2': 'p', 'param_3': 'f', 'param_4': 'v', 'param_5': 'm', 'nspname_1': 'pg_catalog', 'filter_names_1': 'polygon_plate_boundaries'}
2026-08-17 10:36 - INFO - SELECT pg_catalog.pg_type.typname AS name, pg_catalog.format_type(pg_catalog.pg_type.typbasetype, pg_catalog.pg_type.typtypmod) AS attype, NOT pg_catalog.pg_type.typnotnull AS nullable, pg_catalog.pg_type.typdefault AS "default", pg_catalog.pg_type_is_visible(pg_catalog.pg_type.oid) AS visible, pg_catalog.pg_namespace.nspname AS schema, domain_constraints.condefs, domain_constraints.connames, pg_catalog.pg_collation.collname 
FROM pg_catalog.pg_type JOIN pg_catalog.pg_namespace ON pg_catalog.pg_namespace.oid = pg_catalog.pg_type.typnamespace LEFT OUTER JOIN pg_catalog.pg_collation ON pg_catalog.pg_type.typcollation = pg_catalog.pg_collation.oid LEFT OUTER JOIN (SELECT pg_catalog.pg_constraint.contypid AS contypid, array_agg(pg_catalog.pg_get_constraintdef(pg_catalog.pg_constraint.oid, %(pg_get_constraintdef_1)s)) AS condefs, array_agg(CAST(pg_catalog.pg_constraint.conname AS TEXT)) AS connames 
FROM pg_catalog.pg_constraint 
WHERE pg_catalog.pg_constraint.contypid != %(contypid_1)s GROUP BY pg_catalog.pg_constraint.contypid) AS domain_constraints ON pg_catalog.pg_type.oid = domain_constraints.contypid 
WHERE pg_catalog.pg_type.typtype = %(typtype_1)s ORDER BY pg_catalog.pg_namespace.nspname, pg_catalog.pg_type.typname
2026-08-17 10:36 - INFO - [generated in 0.00012s] {'pg_get_constraintdef_1': True, 'contypid_1': 0, 'typtype_1': 'd'}
2026-08-17 10:36 - INFO - SELECT pg_catalog.pg_type.typname AS name, pg_catalog.pg_type_is_visible(pg_catalog.pg_type.oid) AS visible, pg_catalog.pg_namespace.nspname AS schema, lbl_agg.labels AS labels 
FROM pg_catalog.pg_type JOIN pg_catalog.pg_namespace ON pg_catalog.pg_namespace.oid = pg_catalog.pg_type.typnamespace LEFT OUTER JOIN (SELECT pg_catalog.pg_enum.enumtypid AS enumtypid, array_agg(CAST(pg_catalog.pg_enum.enumlabel AS TEXT) ORDER BY pg_catalog.pg_enum.enumsortorder) AS labels 
FROM pg_catalog.pg_enum GROUP BY pg_catalog.pg_enum.enumtypid) AS lbl_agg ON pg_catalog.pg_type.oid = lbl_agg.enumtypid 
WHERE pg_catalog.pg_type.typtype = %(typtype_1)s ORDER BY pg_catalog.pg_namespace.nspname, pg_catalog.pg_type.typname
2026-08-17 10:36 - INFO - [generated in 0.00009s] {'typtype_1': 'e'}
2026-08-17 10:36 - INFO - SELECT pg_catalog.pg_class.oid, pg_catalog.pg_class.relname 
FROM pg_catalog.pg_class JOIN pg_catalog.pg_namespace ON pg_catalog.pg_namespace.oid = pg_catalog.pg_class.relnamespace 
WHERE pg_catalog.pg_class.relkind = ANY (ARRAY[%(param_1)s, %(param_2)s, %(param_3)s, %(param_4)s, %(param_5)s]) AND pg_catalog.pg_table_is_visible(pg_catalog.pg_class.oid) AND pg_catalog.pg_namespace.nspname != %(nspname_1)s AND pg_catalog.pg_class.relname IN (%(filter_names_1)s)
2026-08-17 10:36 - INFO - [generated in 0.00013s] {'param_1': 'r', 'param_2': 'p', 'param_3': 'f', 'param_4': 'v', 'param_5': 'm', 'nspname_1': 'pg_catalog', 'filter_names_1': 'polygon_plate_boundaries'}
2026-08-17 10:36 - INFO - SELECT attr.conrelid, array_agg(CAST(attr.attname AS TEXT) ORDER BY attr.ord) AS cols, attr.conname, min(attr.description) AS description, min(attr.indnkeyatts) AS indnkeyatts, bool_and(attr.indnullsnotdistinct) AS indnullsnotdistinct 
FROM (SELECT con.conrelid AS conrelid, con.conname AS conname, con.description AS description, con.ord AS ord, con.indnkeyatts AS indnkeyatts, con.indnullsnotdistinct AS indnullsnotdistinct, pg_catalog.pg_attribute.attname AS attname 
FROM pg_catalog.pg_attribute JOIN (SELECT pg_catalog.pg_constraint.conrelid AS conrelid, pg_catalog.pg_constraint.conname AS conname, unnest(pg_catalog.pg_index.indkey) AS attnum, generate_subscripts(pg_catalog.pg_index.indkey, %(generate_subscripts_1)s) AS ord, pg_catalog.pg_index.indnkeyatts AS indnkeyatts, pg_catalog.pg_index.indnullsnotdistinct AS indnullsnotdistinct, pg_catalog.pg_description.description AS description 
FROM pg_catalog.pg_constraint JOIN pg_catalog.pg_index ON pg_catalog.pg_constraint.conindid = pg_catalog.pg_index.indexrelid LEFT OUTER JOIN pg_catalog.pg_description ON pg_catalog.pg_description.objoid = pg_catalog.pg_constraint.oid 
WHERE pg_catalog.pg_constraint.contype = %(contype)s AND pg_catalog.pg_constraint.conrelid IN (%(oids_1)s)) AS con ON pg_catalog.pg_attribute.attnum = con.attnum AND pg_catalog.pg_attribute.attrelid = con.conrelid 
WHERE con.conrelid IN (%(oids_1)s)) AS attr GROUP BY attr.conrelid, attr.conname ORDER BY attr.conrelid, attr.conname
2026-08-17 10:36 - INFO - [generated in 0.00011s] {'generate_subscripts_1': 1, 'contype': 'p', 'oids_1': 22081}
2026-08-17 10:36 - INFO - SELECT pg_catalog.pg_class.relname, pg_catalog.pg_constraint.conname, CASE WHEN (pg_catalog.pg_constraint.oid IS NOT NULL) THEN pg_catalog.pg_get_constraintdef(pg_catalog.pg_constraint.oid, %(pg_get_constraintdef_1)s) END AS anon_1, nsp_ref.nspname, pg_catalog.pg_description.description 
FROM pg_catalog.pg_class LEFT OUTER JOIN pg_catalog.pg_constraint ON pg_catalog.pg_class.oid = pg_catalog.pg_constraint.conrelid AND pg_catalog.pg_constraint.contype = %(contype_1)s LEFT OUTER JOIN pg_catalog.pg_class AS cls_ref ON cls_ref.oid = pg_catalog.pg_constraint.confrelid LEFT OUTER JOIN pg_catalog.pg_namespace AS nsp_ref ON cls_ref.relnamespace = nsp_ref.oid LEFT OUTER JOIN pg_catalog.pg_description ON pg_catalog.pg_description.objoid = pg_catalog.pg_constraint.oid JOIN pg_catalog.pg_namespace ON pg_catalog.pg_namespace.oid = pg_catalog.pg_class.relnamespace 
WHERE pg_catalog.pg_class.relkind = ANY (ARRAY[%(param_1)s, %(param_2)s, %(param_3)s, %(param_4)s, %(param_5)s]) AND pg_catalog.pg_table_is_visible(pg_catalog.pg_class.oid) AND pg_catalog.pg_namespace.nspname != %(nspname_1)s AND pg_catalog.pg_class.relname IN (%(filter_names_1)s) ORDER BY pg_catalog.pg_class.relname, pg_catalog.pg_constraint.conname
2026-08-17 10:36 - INFO - [generated in 0.00013s] {'pg_get_constraintdef_1': True, 'contype_1': 'f', 'param_1': 'r', 'param_2': 'p', 'param_3': 'f', 'param_4': 'v', 'param_5': 'm', 'nspname_1': 'pg_catalog', 'filter_names_1': 'polygon_plate_boundaries'}
2026-08-17 10:36 - INFO - SELECT pg_catalog.pg_index.indrelid, pg_catalog.pg_class.relname, pg_catalog.pg_index.indisunique, pg_catalog.pg_constraint.conrelid IS NOT NULL AS has_constraint, pg_catalog.pg_index.indoption, pg_catalog.pg_class.reloptions, pg_catalog.pg_am.amname, CASE WHEN (pg_catalog.pg_index.indpred IS NOT NULL) THEN pg_catalog.pg_get_expr(pg_catalog.pg_index.indpred, pg_catalog.pg_index.indrelid) END AS filter_definition, pg_catalog.pg_index.indnkeyatts, pg_catalog.pg_index.indnullsnotdistinct, idx_cols.elements, idx_cols.elements_is_expr, idx_cols.elements_opclass, idx_cols.elements_opdefault 
FROM pg_catalog.pg_index JOIN pg_catalog.pg_class ON pg_catalog.pg_index.indexrelid = pg_catalog.pg_class.oid JOIN pg_catalog.pg_am ON pg_catalog.pg_class.relam = pg_catalog.pg_am.oid LEFT OUTER JOIN (SELECT idx_attr.indexrelid AS indexrelid, min(idx_attr.indrelid) AS min_1, array_agg(idx_attr.element ORDER BY idx_attr.ord) AS elements, array_agg(idx_attr.is_expr ORDER BY idx_attr.ord) AS elements_is_expr, array_agg(idx_attr.opcname ORDER BY idx_attr.ord) AS elements_opclass, array_agg(idx_attr.opcdefault ORDER BY idx_attr.ord) AS elements_opdefault 
FROM (SELECT idx.indexrelid AS indexrelid, idx.indrelid AS indrelid, idx.ord AS ord, CASE WHEN (idx.attnum = %(attnum_1)s) THEN pg_catalog.pg_get_indexdef(idx.indexrelid, idx.ord + %(ord_1)s, %(pg_get_indexdef_1)s) ELSE CAST(pg_catalog.pg_attribute.attname AS TEXT) END AS element, idx.attnum = %(attnum_2)s AS is_expr, pg_catalog.pg_opclass.opcname AS opcname, pg_catalog.pg_opclass.opcdefault AS opcdefault 
FROM (SELECT pg_catalog.pg_index.indexrelid AS indexrelid, pg_catalog.pg_index.indrelid AS indrelid, unnest(pg_catalog.pg_index.indkey) AS attnum, unnest(pg_catalog.pg_index.indclass) AS att_opclass, generate_subscripts(pg_catalog.pg_index.indkey, %(generate_subscripts_1)s) AS ord 
FROM pg_catalog.pg_index 
WHERE NOT pg_catalog.pg_index.indisprimary AND pg_catalog.pg_index.indrelid IN (%(oids_1)s)) AS idx LEFT OUTER JOIN pg_catalog.pg_attribute ON pg_catalog.pg_attribute.attnum = idx.attnum AND pg_catalog.pg_attribute.attrelid = idx.indrelid LEFT OUTER JOIN pg_catalog.pg_opclass ON pg_catalog.pg_opclass.oid = idx.att_opclass 
WHERE idx.indrelid IN (%(oids_1)s)) AS idx_attr GROUP BY idx_attr.indexrelid) AS idx_cols ON pg_catalog.pg_index.indexrelid = idx_cols.indexrelid LEFT OUTER JOIN pg_catalog.pg_constraint ON pg_catalog.pg_index.indrelid = pg_catalog.pg_constraint.conrelid AND pg_catalog.pg_index.indexrelid = pg_catalog.pg_constraint.conindid AND pg_catalog.pg_constraint.contype = ANY (ARRAY[%(param_1)s, %(param_2)s, %(param_3)s]) 
WHERE pg_catalog.pg_index.indrelid IN (%(oids_1)s) AND NOT pg_catalog.pg_index.indisprimary ORDER BY pg_catalog.pg_index.indrelid, pg_catalog.pg_class.relname
2026-08-17 10:36 - INFO - [generated in 0.00015s] {'attnum_1': 0, 'ord_1': 1, 'pg_get_indexdef_1': True, 'attnum_2': 0, 'generate_subscripts_1': 1, 'param_1': 'p', 'param_2': 'u', 'param_3': 'x', 'oids_1': 22081}
2026-08-17 10:36 - INFO - SELECT attr.conrelid, array_agg(CAST(attr.attname AS TEXT) ORDER BY attr.ord) AS cols, attr.conname, min(attr.description) AS description, min(attr.indnkeyatts) AS indnkeyatts, bool_and(attr.indnullsnotdistinct) AS indnullsnotdistinct 
FROM (SELECT con.conrelid AS conrelid, con.conname AS conname, con.description AS description, con.ord AS ord, con.indnkeyatts AS indnkeyatts, con.indnullsnotdistinct AS indnullsnotdistinct, pg_catalog.pg_attribute.attname AS attname 
FROM pg_catalog.pg_attribute JOIN (SELECT pg_catalog.pg_constraint.conrelid AS conrelid, pg_catalog.pg_constraint.conname AS conname, unnest(pg_catalog.pg_index.indkey) AS attnum, generate_subscripts(pg_catalog.pg_index.indkey, %(generate_subscripts_1)s) AS ord, pg_catalog.pg_index.indnkeyatts AS indnkeyatts, pg_catalog.pg_index.indnullsnotdistinct AS indnullsnotdistinct, pg_catalog.pg_description.description AS description 
FROM pg_catalog.pg_constraint JOIN pg_catalog.pg_index ON pg_catalog.pg_constraint.conindid = pg_catalog.pg_index.indexrelid LEFT OUTER JOIN pg_catalog.pg_description ON pg_catalog.pg_description.objoid = pg_catalog.pg_constraint.oid 
WHERE pg_catalog.pg_constraint.contype = %(contype)s AND pg_catalog.pg_constraint.conrelid IN (%(oids_1)s)) AS con ON pg_catalog.pg_attribute.attnum = con.attnum AND pg_catalog.pg_attribute.attrelid = con.conrelid 
WHERE con.conrelid IN (%(oids_1)s)) AS attr GROUP BY attr.conrelid, attr.conname ORDER BY attr.conrelid, attr.conname
2026-08-17 10:36 - INFO - [cached since 0.008116s ago] {'generate_subscripts_1': 1, 'contype': 'u', 'oids_1': 22081}
2026-08-17 10:36 - INFO - SELECT pg_catalog.pg_class.relname, pg_catalog.pg_description.description 
FROM pg_catalog.pg_class LEFT OUTER JOIN pg_catalog.pg_description ON pg_catalog.pg_class.oid = pg_catalog.pg_description.objoid AND pg_catalog.pg_description.objsubid = %(objsubid_1)s AND pg_catalog.pg_description.classoid = CAST(%(param_1)s AS REGCLASS) JOIN pg_catalog.pg_namespace ON pg_catalog.pg_namespace.oid = pg_catalog.pg_class.relnamespace 
WHERE pg_catalog.pg_class.relkind = ANY (ARRAY[%(param_2)s, %(param_3)s, %(param_4)s, %(param_5)s, %(param_6)s]) AND pg_catalog.pg_table_is_visible(pg_catalog.pg_class.oid) AND pg_catalog.pg_namespace.nspname != %(nspname_1)s AND pg_catalog.pg_class.relname IN (%(filter_names_1)s)
2026-08-17 10:36 - INFO - [generated in 0.00011s] {'objsubid_1': 0, 'param_1': 'pg_catalog.pg_class', 'param_2': 'r', 'param_3': 'p', 'param_4': 'f', 'param_5': 'v', 'param_6': 'm', 'nspname_1': 'pg_catalog', 'filter_names_1': 'polygon_plate_boundaries'}
2026-08-17 10:36 - INFO - SELECT pg_catalog.pg_class.relname, pg_catalog.pg_constraint.conname, CASE WHEN (pg_catalog.pg_constraint.oid IS NOT NULL) THEN pg_catalog.pg_get_constraintdef(pg_catalog.pg_constraint.oid, %(pg_get_constraintdef_1)s) END AS anon_1, pg_catalog.pg_description.description 
FROM pg_catalog.pg_class LEFT OUTER JOIN pg_catalog.pg_constraint ON pg_catalog.pg_class.oid = pg_catalog.pg_constraint.conrelid AND pg_catalog.pg_constraint.contype = %(contype_1)s LEFT OUTER JOIN pg_catalog.pg_description ON pg_catalog.pg_description.objoid = pg_catalog.pg_constraint.oid JOIN pg_catalog.pg_namespace ON pg_catalog.pg_namespace.oid = pg_catalog.pg_class.relnamespace 
WHERE pg_catalog.pg_class.relkind = ANY (ARRAY[%(param_1)s, %(param_2)s, %(param_3)s, %(param_4)s, %(param_5)s]) AND pg_catalog.pg_table_is_visible(pg_catalog.pg_class.oid) AND pg_catalog.pg_namespace.nspname != %(nspname_1)s AND pg_catalog.pg_class.relname IN (%(filter_names_1)s) ORDER BY pg_catalog.pg_class.relname, pg_catalog.pg_constraint.conname
2026-08-17 10:36 - INFO - [generated in 0.00012s] {'pg_get_constraintdef_1': True, 'contype_1': 'c', 'param_1': 'r', 'param_2': 'p', 'param_3': 'f', 'param_4': 'v', 'param_5': 'm', 'nspname_1': 'pg_catalog', 'filter_names_1': 'polygon_plate_boundaries'}
2026-08-17 10:36 - INFO - SELECT EXISTS (
        SELECT 1
        FROM pg_class t
        JOIN pg_namespace n ON n.oid = t.relnamespace
        JOIN pg_index ix ON t.oid = ix.indrelid
        JOIN pg_class i ON i.oid = ix.indexrelid
        JOIN pg_am am ON i.relam = am.oid
        WHERE
            t.relname = 'polygon_plate_boundaries'
            AND am.amname = 'gist'
            AND (
                EXISTS (
                    SELECT 1
                    FROM pg_attribute a
                    WHERE a.attrelid = t.oid
                    AND a.attnum = ANY(ix.indkey)
                    AND a.attname = 'geom'
                )
                OR pg_get_indexdef(
                    ix.indexrelid
                ) ~ '(^|[^a-zA-Z0-9_])("?geom"?)($|[^a-zA-Z0-9_])'
            )
    );
2026-08-17 10:36 - INFO - [generated in 0.00009s] {}
2026-08-17 10:36 - INFO - ROLLBACK
2026-08-17 10:36 - INFO - BEGIN (implicit)
2026-08-17 10:36 - INFO - SELECT count(*) AS count_1 
FROM polygon_plate_boundaries
2026-08-17 10:36 - INFO - [generated in 0.00014s] {}
2026-08-17 10:36 - INFO - ROLLBACK
2026-08-17 10:36 - INFO - BEGIN (implicit)
2026-08-17 10:36 - INFO - SELECT pg_catalog.pg_class.relname 
FROM pg_catalog.pg_class JOIN pg_catalog.pg_namespace ON pg_catalog.pg_namespace.oid = pg_catalog.pg_class.relnamespace 
WHERE pg_catalog.pg_class.relname = %(table_name)s AND pg_catalog.pg_class.relkind = ANY (ARRAY[%(param_1)s, %(param_2)s, %(param_3)s, %(param_4)s, %(param_5)s]) AND pg_catalog.pg_table_is_visible(pg_catalog.pg_class.oid) AND pg_catalog.pg_namespace.nspname != %(nspname_1)s
2026-08-17 10:36 - INFO - [cached since 0.03849s ago] {'table_name': 'SELECT magnitude FROM earthquakes', 'param_1': 'r', 'param_2': 'p', 'param_3': 'f', 'param_4': 'v', 'param_5': 'm', 'nspname_1': 'pg_catalog'}
2026-08-17 10:36 - INFO - SELECT magnitude FROM earthquakes
2026-08-17 10:36 - INFO - [raw sql] {}
2026-08-17 10:36 - INFO - ROLLBACK
2026-08-17 11:55 - INFO - select pg_catalog.version()
2026-08-17 11:55 - INFO - [raw sql] {}
2026-08-17 11:55 - INFO - select current_schema()
2026-08-17 11:55 - INFO - [raw sql] {}
2026-08-17 11:55 - INFO - show standard_conforming_strings
2026-08-17 11:55 - INFO - [raw sql] {}
2026-08-17 11:55 - INFO - BEGIN (implicit)
2026-08-17 11:55 - INFO - SELECT pg_catalog.pg_class.relname 
FROM pg_catalog.pg_class JOIN pg_catalog.pg_namespace ON pg_catalog.pg_namespace.oid = pg_catalog.pg_class.relnamespace 
WHERE pg_catalog.pg_class.relname = %(table_name)s AND pg_catalog.pg_class.relkind = ANY (ARRAY[%(param_1)s, %(param_2)s, %(param_3)s, %(param_4)s, %(param_5)s]) AND pg_catalog.pg_table_is_visible(pg_catalog.pg_class.oid) AND pg_catalog.pg_namespace.nspname != %(nspname_1)s
2026-08-17 11:55 - INFO - [generated in 0.00018s] {'table_name': 'polygon_plate_boundaries', 'param_1': 'r', 'param_2': 'p', 'param_3': 'f', 'param_4': 'v', 'param_5': 'm', 'nspname_1': 'pg_catalog'}
2026-08-17 11:55 - INFO - ROLLBACK
2026-08-17 11:55 - INFO - BEGIN (implicit)
2026-08-17 11:55 - INFO - SELECT pg_catalog.pg_attribute.attname AS name, pg_catalog.format_type(pg_catalog.pg_attribute.atttypid, pg_catalog.pg_attribute.atttypmod) AS format_type, (SELECT pg_catalog.pg_get_expr(pg_catalog.pg_attrdef.adbin, pg_catalog.pg_attrdef.adrelid) AS pg_get_expr_1 
FROM pg_catalog.pg_attrdef 
WHERE pg_catalog.pg_attrdef.adrelid = pg_catalog.pg_attribute.attrelid AND pg_catalog.pg_attrdef.adnum = pg_catalog.pg_attribute.attnum AND pg_catalog.pg_attribute.atthasdef) AS "default", pg_catalog.pg_attribute.attnotnull AS not_null, pg_catalog.pg_class.relname AS table_name, pg_catalog.pg_description.description AS comment, pg_catalog.pg_attribute.attgenerated AS generated, (SELECT json_build_object(%(json_build_object_2)s, pg_catalog.pg_attribute.attidentity = %(attidentity_1)s, %(json_build_object_3)s, pg_catalog.pg_sequence.seqstart, %(json_build_object_4)s, pg_catalog.pg_sequence.seqincrement, %(json_build_object_5)s, pg_catalog.pg_sequence.seqmin, %(json_build_object_6)s, pg_catalog.pg_sequence.seqmax, %(json_build_object_7)s, pg_catalog.pg_sequence.seqcache, %(json_build_object_8)s, pg_catalog.pg_sequence.seqcycle) AS json_build_object_1 
FROM pg_catalog.pg_sequence 
WHERE pg_catalog.pg_attribute.attidentity != %(attidentity_2)s AND pg_catalog.pg_sequence.seqrelid = CAST(CAST(pg_catalog.pg_get_serial_sequence(CAST(CAST(pg_catalog.pg_attribute.attrelid AS REGCLASS) AS TEXT), pg_catalog.pg_attribute.attname) AS REGCLASS) AS OID)) AS identity_options, CASE WHEN (pg_catalog.pg_attribute.attcollation != %(attcollation_1)s AND (SELECT pg_catalog.pg_type.typcollation 
FROM pg_catalog.pg_type 
WHERE pg_catalog.pg_type.oid = pg_catalog.pg_attribute.atttypid) != pg_catalog.pg_attribute.attcollation) THEN (SELECT pg_catalog.pg_collation.collname 
FROM pg_catalog.pg_collation 
WHERE pg_catalog.pg_collation.oid = pg_catalog.pg_attribute.attcollation) ELSE NULL END AS collation 
FROM pg_catalog.pg_class LEFT OUTER JOIN pg_catalog.pg_attribute ON pg_catalog.pg_class.oid = pg_catalog.pg_attribute.attrelid AND pg_catalog.pg_attribute.attnum > %(attnum_1)s AND NOT pg_catalog.pg_attribute.attisdropped LEFT OUTER JOIN pg_catalog.pg_description ON pg_catalog.pg_description.objoid = pg_catalog.pg_attribute.attrelid AND pg_catalog.pg_description.objsubid = pg_catalog.pg_attribute.attnum JOIN pg_catalog.pg_namespace ON pg_catalog.pg_namespace.oid = pg_catalog.pg_class.relnamespace 
WHERE pg_catalog.pg_class.relkind = ANY (ARRAY[%(param_1)s, %(param_2)s, %(param_3)s, %(param_4)s, %(param_5)s]) AND pg_catalog.pg_table_is_visible(pg_catalog.pg_class.oid) AND pg_catalog.pg_namespace.nspname != %(nspname_1)s AND pg_catalog.pg_class.relname IN (%(filter_names_1)s) ORDER BY pg_catalog.pg_class.relname, pg_catalog.pg_attribute.attnum
2026-08-17 11:55 - INFO - [generated in 0.00024s] {'json_build_object_2': 'always', 'attidentity_1': 'a', 'json_build_object_3': 'start', 'json_build_object_4': 'increment', 'json_build_object_5': 'minvalue', 'json_build_object_6': 'maxvalue', 'json_build_object_7': 'cache', 'json_build_object_8': 'cycle', 'attidentity_2': '', 'attcollation_1': 0, 'attnum_1': 0, 'param_1': 'r', 'param_2': 'p', 'param_3': 'f', 'param_4': 'v', 'param_5': 'm', 'nspname_1': 'pg_catalog', 'filter_names_1': 'polygon_plate_boundaries'}
2026-08-17 11:55 - INFO - SELECT pg_catalog.pg_type.typname AS name, pg_catalog.format_type(pg_catalog.pg_type.typbasetype, pg_catalog.pg_type.typtypmod) AS attype, NOT pg_catalog.pg_type.typnotnull AS nullable, pg_catalog.pg_type.typdefault AS "default", pg_catalog.pg_type_is_visible(pg_catalog.pg_type.oid) AS visible, pg_catalog.pg_namespace.nspname AS schema, domain_constraints.condefs, domain_constraints.connames, pg_catalog.pg_collation.collname 
FROM pg_catalog.pg_type JOIN pg_catalog.pg_namespace ON pg_catalog.pg_namespace.oid = pg_catalog.pg_type.typnamespace LEFT OUTER JOIN pg_catalog.pg_collation ON pg_catalog.pg_type.typcollation = pg_catalog.pg_collation.oid LEFT OUTER JOIN (SELECT pg_catalog.pg_constraint.contypid AS contypid, array_agg(pg_catalog.pg_get_constraintdef(pg_catalog.pg_constraint.oid, %(pg_get_constraintdef_1)s)) AS condefs, array_agg(CAST(pg_catalog.pg_constraint.conname AS TEXT)) AS connames 
FROM pg_catalog.pg_constraint 
WHERE pg_catalog.pg_constraint.contypid != %(contypid_1)s GROUP BY pg_catalog.pg_constraint.contypid) AS domain_constraints ON pg_catalog.pg_type.oid = domain_constraints.contypid 
WHERE pg_catalog.pg_type.typtype = %(typtype_1)s ORDER BY pg_catalog.pg_namespace.nspname, pg_catalog.pg_type.typname
2026-08-17 11:55 - INFO - [generated in 0.00014s] {'pg_get_constraintdef_1': True, 'contypid_1': 0, 'typtype_1': 'd'}
2026-08-17 11:55 - INFO - SELECT pg_catalog.pg_type.typname AS name, pg_catalog.pg_type_is_visible(pg_catalog.pg_type.oid) AS visible, pg_catalog.pg_namespace.nspname AS schema, lbl_agg.labels AS labels 
FROM pg_catalog.pg_type JOIN pg_catalog.pg_namespace ON pg_catalog.pg_namespace.oid = pg_catalog.pg_type.typnamespace LEFT OUTER JOIN (SELECT pg_catalog.pg_enum.enumtypid AS enumtypid, array_agg(CAST(pg_catalog.pg_enum.enumlabel AS TEXT) ORDER BY pg_catalog.pg_enum.enumsortorder) AS labels 
FROM pg_catalog.pg_enum GROUP BY pg_catalog.pg_enum.enumtypid) AS lbl_agg ON pg_catalog.pg_type.oid = lbl_agg.enumtypid 
WHERE pg_catalog.pg_type.typtype = %(typtype_1)s ORDER BY pg_catalog.pg_namespace.nspname, pg_catalog.pg_type.typname
2026-08-17 11:55 - INFO - [generated in 0.00008s] {'typtype_1': 'e'}
2026-08-17 11:55 - INFO - SELECT pg_catalog.pg_class.oid, pg_catalog.pg_class.relname 
FROM pg_catalog.pg_class JOIN pg_catalog.pg_namespace ON pg_catalog.pg_namespace.oid = pg_catalog.pg_class.relnamespace 
WHERE pg_catalog.pg_class.relkind = ANY (ARRAY[%(param_1)s, %(param_2)s, %(param_3)s, %(param_4)s, %(param_5)s]) AND pg_catalog.pg_table_is_visible(pg_catalog.pg_class.oid) AND pg_catalog.pg_namespace.nspname != %(nspname_1)s AND pg_catalog.pg_class.relname IN (%(filter_names_1)s)
2026-08-17 11:55 - INFO - [generated in 0.00012s] {'param_1': 'r', 'param_2': 'p', 'param_3': 'f', 'param_4': 'v', 'param_5': 'm', 'nspname_1': 'pg_catalog', 'filter_names_1': 'polygon_plate_boundaries'}
2026-08-17 11:55 - INFO - SELECT attr.conrelid, array_agg(CAST(attr.attname AS TEXT) ORDER BY attr.ord) AS cols, attr.conname, min(attr.description) AS description, min(attr.indnkeyatts) AS indnkeyatts, bool_and(attr.indnullsnotdistinct) AS indnullsnotdistinct 
FROM (SELECT con.conrelid AS conrelid, con.conname AS conname, con.description AS description, con.ord AS ord, con.indnkeyatts AS indnkeyatts, con.indnullsnotdistinct AS indnullsnotdistinct, pg_catalog.pg_attribute.attname AS attname 
FROM pg_catalog.pg_attribute JOIN (SELECT pg_catalog.pg_constraint.conrelid AS conrelid, pg_catalog.pg_constraint.conname AS conname, unnest(pg_catalog.pg_index.indkey) AS attnum, generate_subscripts(pg_catalog.pg_index.indkey, %(generate_subscripts_1)s) AS ord, pg_catalog.pg_index.indnkeyatts AS indnkeyatts, pg_catalog.pg_index.indnullsnotdistinct AS indnullsnotdistinct, pg_catalog.pg_description.description AS description 
FROM pg_catalog.pg_constraint JOIN pg_catalog.pg_index ON pg_catalog.pg_constraint.conindid = pg_catalog.pg_index.indexrelid LEFT OUTER JOIN pg_catalog.pg_description ON pg_catalog.pg_description.objoid = pg_catalog.pg_constraint.oid 
WHERE pg_catalog.pg_constraint.contype = %(contype)s AND pg_catalog.pg_constraint.conrelid IN (%(oids_1)s)) AS con ON pg_catalog.pg_attribute.attnum = con.attnum AND pg_catalog.pg_attribute.attrelid = con.conrelid 
WHERE con.conrelid IN (%(oids_1)s)) AS attr GROUP BY attr.conrelid, attr.conname ORDER BY attr.conrelid, attr.conname
2026-08-17 11:55 - INFO - [generated in 0.00013s] {'generate_subscripts_1': 1, 'contype': 'p', 'oids_1': 22081}
2026-08-17 11:55 - INFO - SELECT pg_catalog.pg_class.relname, pg_catalog.pg_constraint.conname, CASE WHEN (pg_catalog.pg_constraint.oid IS NOT NULL) THEN pg_catalog.pg_get_constraintdef(pg_catalog.pg_constraint.oid, %(pg_get_constraintdef_1)s) END AS anon_1, nsp_ref.nspname, pg_catalog.pg_description.description 
FROM pg_catalog.pg_class LEFT OUTER JOIN pg_catalog.pg_constraint ON pg_catalog.pg_class.oid = pg_catalog.pg_constraint.conrelid AND pg_catalog.pg_constraint.contype = %(contype_1)s LEFT OUTER JOIN pg_catalog.pg_class AS cls_ref ON cls_ref.oid = pg_catalog.pg_constraint.confrelid LEFT OUTER JOIN pg_catalog.pg_namespace AS nsp_ref ON cls_ref.relnamespace = nsp_ref.oid LEFT OUTER JOIN pg_catalog.pg_description ON pg_catalog.pg_description.objoid = pg_catalog.pg_constraint.oid JOIN pg_catalog.pg_namespace ON pg_catalog.pg_namespace.oid = pg_catalog.pg_class.relnamespace 
WHERE pg_catalog.pg_class.relkind = ANY (ARRAY[%(param_1)s, %(param_2)s, %(param_3)s, %(param_4)s, %(param_5)s]) AND pg_catalog.pg_table_is_visible(pg_catalog.pg_class.oid) AND pg_catalog.pg_namespace.nspname != %(nspname_1)s AND pg_catalog.pg_class.relname IN (%(filter_names_1)s) ORDER BY pg_catalog.pg_class.relname, pg_catalog.pg_constraint.conname
2026-08-17 11:55 - INFO - [generated in 0.00012s] {'pg_get_constraintdef_1': True, 'contype_1': 'f', 'param_1': 'r', 'param_2': 'p', 'param_3': 'f', 'param_4': 'v', 'param_5': 'm', 'nspname_1': 'pg_catalog', 'filter_names_1': 'polygon_plate_boundaries'}
2026-08-17 11:55 - INFO - SELECT pg_catalog.pg_index.indrelid, pg_catalog.pg_class.relname, pg_catalog.pg_index.indisunique, pg_catalog.pg_constraint.conrelid IS NOT NULL AS has_constraint, pg_catalog.pg_index.indoption, pg_catalog.pg_class.reloptions, pg_catalog.pg_am.amname, CASE WHEN (pg_catalog.pg_index.indpred IS NOT NULL) THEN pg_catalog.pg_get_expr(pg_catalog.pg_index.indpred, pg_catalog.pg_index.indrelid) END AS filter_definition, pg_catalog.pg_index.indnkeyatts, pg_catalog.pg_index.indnullsnotdistinct, idx_cols.elements, idx_cols.elements_is_expr, idx_cols.elements_opclass, idx_cols.elements_opdefault 
FROM pg_catalog.pg_index JOIN pg_catalog.pg_class ON pg_catalog.pg_index.indexrelid = pg_catalog.pg_class.oid JOIN pg_catalog.pg_am ON pg_catalog.pg_class.relam = pg_catalog.pg_am.oid LEFT OUTER JOIN (SELECT idx_attr.indexrelid AS indexrelid, min(idx_attr.indrelid) AS min_1, array_agg(idx_attr.element ORDER BY idx_attr.ord) AS elements, array_agg(idx_attr.is_expr ORDER BY idx_attr.ord) AS elements_is_expr, array_agg(idx_attr.opcname ORDER BY idx_attr.ord) AS elements_opclass, array_agg(idx_attr.opcdefault ORDER BY idx_attr.ord) AS elements_opdefault 
FROM (SELECT idx.indexrelid AS indexrelid, idx.indrelid AS indrelid, idx.ord AS ord, CASE WHEN (idx.attnum = %(attnum_1)s) THEN pg_catalog.pg_get_indexdef(idx.indexrelid, idx.ord + %(ord_1)s, %(pg_get_indexdef_1)s) ELSE CAST(pg_catalog.pg_attribute.attname AS TEXT) END AS element, idx.attnum = %(attnum_2)s AS is_expr, pg_catalog.pg_opclass.opcname AS opcname, pg_catalog.pg_opclass.opcdefault AS opcdefault 
FROM (SELECT pg_catalog.pg_index.indexrelid AS indexrelid, pg_catalog.pg_index.indrelid AS indrelid, unnest(pg_catalog.pg_index.indkey) AS attnum, unnest(pg_catalog.pg_index.indclass) AS att_opclass, generate_subscripts(pg_catalog.pg_index.indkey, %(generate_subscripts_1)s) AS ord 
FROM pg_catalog.pg_index 
WHERE NOT pg_catalog.pg_index.indisprimary AND pg_catalog.pg_index.indrelid IN (%(oids_1)s)) AS idx LEFT OUTER JOIN pg_catalog.pg_attribute ON pg_catalog.pg_attribute.attnum = idx.attnum AND pg_catalog.pg_attribute.attrelid = idx.indrelid LEFT OUTER JOIN pg_catalog.pg_opclass ON pg_catalog.pg_opclass.oid = idx.att_opclass 
WHERE idx.indrelid IN (%(oids_1)s)) AS idx_attr GROUP BY idx_attr.indexrelid) AS idx_cols ON pg_catalog.pg_index.indexrelid = idx_cols.indexrelid LEFT OUTER JOIN pg_catalog.pg_constraint ON pg_catalog.pg_index.indrelid = pg_catalog.pg_constraint.conrelid AND pg_catalog.pg_index.indexrelid = pg_catalog.pg_constraint.conindid AND pg_catalog.pg_constraint.contype = ANY (ARRAY[%(param_1)s, %(param_2)s, %(param_3)s]) 
WHERE pg_catalog.pg_index.indrelid IN (%(oids_1)s) AND NOT pg_catalog.pg_index.indisprimary ORDER BY pg_catalog.pg_index.indrelid, pg_catalog.pg_class.relname
2026-08-17 11:55 - INFO - [generated in 0.00014s] {'attnum_1': 0, 'ord_1': 1, 'pg_get_indexdef_1': True, 'attnum_2': 0, 'generate_subscripts_1': 1, 'param_1': 'p', 'param_2': 'u', 'param_3': 'x', 'oids_1': 22081}
2026-08-17 11:55 - INFO - SELECT attr.conrelid, array_agg(CAST(attr.attname AS TEXT) ORDER BY attr.ord) AS cols, attr.conname, min(attr.description) AS description, min(attr.indnkeyatts) AS indnkeyatts, bool_and(attr.indnullsnotdistinct) AS indnullsnotdistinct 
FROM (SELECT con.conrelid AS conrelid, con.conname AS conname, con.description AS description, con.ord AS ord, con.indnkeyatts AS indnkeyatts, con.indnullsnotdistinct AS indnullsnotdistinct, pg_catalog.pg_attribute.attname AS attname 
FROM pg_catalog.pg_attribute JOIN (SELECT pg_catalog.pg_constraint.conrelid AS conrelid, pg_catalog.pg_constraint.conname AS conname, unnest(pg_catalog.pg_index.indkey) AS attnum, generate_subscripts(pg_catalog.pg_index.indkey, %(generate_subscripts_1)s) AS ord, pg_catalog.pg_index.indnkeyatts AS indnkeyatts, pg_catalog.pg_index.indnullsnotdistinct AS indnullsnotdistinct, pg_catalog.pg_description.description AS description 
FROM pg_catalog.pg_constraint JOIN pg_catalog.pg_index ON pg_catalog.pg_constraint.conindid = pg_catalog.pg_index.indexrelid LEFT OUTER JOIN pg_catalog.pg_description ON pg_catalog.pg_description.objoid = pg_catalog.pg_constraint.oid 
WHERE pg_catalog.pg_constraint.contype = %(contype)s AND pg_catalog.pg_constraint.conrelid IN (%(oids_1)s)) AS con ON pg_catalog.pg_attribute.attnum = con.attnum AND pg_catalog.pg_attribute.attrelid = con.conrelid 
WHERE con.conrelid IN (%(oids_1)s)) AS attr GROUP BY attr.conrelid, attr.conname ORDER BY attr.conrelid, attr.conname
2026-08-17 11:55 - INFO - [cached since 0.008116s ago] {'generate_subscripts_1': 1, 'contype': 'u', 'oids_1': 22081}
2026-08-17 11:55 - INFO - SELECT pg_catalog.pg_class.relname, pg_catalog.pg_description.description 
FROM pg_catalog.pg_class LEFT OUTER JOIN pg_catalog.pg_description ON pg_catalog.pg_class.oid = pg_catalog.pg_description.objoid AND pg_catalog.pg_description.objsubid = %(objsubid_1)s AND pg_catalog.pg_description.classoid = CAST(%(param_1)s AS REGCLASS) JOIN pg_catalog.pg_namespace ON pg_catalog.pg_namespace.oid = pg_catalog.pg_class.relnamespace 
WHERE pg_catalog.pg_class.relkind = ANY (ARRAY[%(param_2)s, %(param_3)s, %(param_4)s, %(param_5)s, %(param_6)s]) AND pg_catalog.pg_table_is_visible(pg_catalog.pg_class.oid) AND pg_catalog.pg_namespace.nspname != %(nspname_1)s AND pg_catalog.pg_class.relname IN (%(filter_names_1)s)
2026-08-17 11:55 - INFO - [generated in 0.00013s] {'objsubid_1': 0, 'param_1': 'pg_catalog.pg_class', 'param_2': 'r', 'param_3': 'p', 'param_4': 'f', 'param_5': 'v', 'param_6': 'm', 'nspname_1': 'pg_catalog', 'filter_names_1': 'polygon_plate_boundaries'}
2026-08-17 11:55 - INFO - SELECT pg_catalog.pg_class.relname, pg_catalog.pg_constraint.conname, CASE WHEN (pg_catalog.pg_constraint.oid IS NOT NULL) THEN pg_catalog.pg_get_constraintdef(pg_catalog.pg_constraint.oid, %(pg_get_constraintdef_1)s) END AS anon_1, pg_catalog.pg_description.description 
FROM pg_catalog.pg_class LEFT OUTER JOIN pg_catalog.pg_constraint ON pg_catalog.pg_class.oid = pg_catalog.pg_constraint.conrelid AND pg_catalog.pg_constraint.contype = %(contype_1)s LEFT OUTER JOIN pg_catalog.pg_description ON pg_catalog.pg_description.objoid = pg_catalog.pg_constraint.oid JOIN pg_catalog.pg_namespace ON pg_catalog.pg_namespace.oid = pg_catalog.pg_class.relnamespace 
WHERE pg_catalog.pg_class.relkind = ANY (ARRAY[%(param_1)s, %(param_2)s, %(param_3)s, %(param_4)s, %(param_5)s]) AND pg_catalog.pg_table_is_visible(pg_catalog.pg_class.oid) AND pg_catalog.pg_namespace.nspname != %(nspname_1)s AND pg_catalog.pg_class.relname IN (%(filter_names_1)s) ORDER BY pg_catalog.pg_class.relname, pg_catalog.pg_constraint.conname
2026-08-17 11:55 - INFO - [generated in 0.00011s] {'pg_get_constraintdef_1': True, 'contype_1': 'c', 'param_1': 'r', 'param_2': 'p', 'param_3': 'f', 'param_4': 'v', 'param_5': 'm', 'nspname_1': 'pg_catalog', 'filter_names_1': 'polygon_plate_boundaries'}
2026-08-17 11:55 - INFO - SELECT EXISTS (
        SELECT 1
        FROM pg_class t
        JOIN pg_namespace n ON n.oid = t.relnamespace
        JOIN pg_index ix ON t.oid = ix.indrelid
        JOIN pg_class i ON i.oid = ix.indexrelid
        JOIN pg_am am ON i.relam = am.oid
        WHERE
            t.relname = 'polygon_plate_boundaries'
            AND am.amname = 'gist'
            AND (
                EXISTS (
                    SELECT 1
                    FROM pg_attribute a
                    WHERE a.attrelid = t.oid
                    AND a.attnum = ANY(ix.indkey)
                    AND a.attname = 'geom'
                )
                OR pg_get_indexdef(
                    ix.indexrelid
                ) ~ '(^|[^a-zA-Z0-9_])("?geom"?)($|[^a-zA-Z0-9_])'
            )
    );
2026-08-17 11:55 - INFO - [generated in 0.00008s] {}
2026-08-17 11:55 - INFO - ROLLBACK
2026-08-17 11:55 - INFO - BEGIN (implicit)
2026-08-17 11:55 - INFO - SELECT count(*) AS count_1 
FROM polygon_plate_boundaries
2026-08-17 11:55 - INFO - [generated in 0.00013s] {}
2026-08-17 11:55 - INFO - ROLLBACK
2026-08-17 11:55 - INFO - BEGIN (implicit)
2026-08-17 11:55 - INFO - SELECT pg_catalog.pg_class.relname 
FROM pg_catalog.pg_class JOIN pg_catalog.pg_namespace ON pg_catalog.pg_namespace.oid = pg_catalog.pg_class.relnamespace 
WHERE pg_catalog.pg_class.relname = %(table_name)s AND pg_catalog.pg_class.relkind = ANY (ARRAY[%(param_1)s, %(param_2)s, %(param_3)s, %(param_4)s, %(param_5)s]) AND pg_catalog.pg_table_is_visible(pg_catalog.pg_class.oid) AND pg_catalog.pg_namespace.nspname != %(nspname_1)s
2026-08-17 11:55 - INFO - [cached since 0.03661s ago] {'table_name': 'SELECT magnitude FROM earthquakes', 'param_1': 'r', 'param_2': 'p', 'param_3': 'f', 'param_4': 'v', 'param_5': 'm', 'nspname_1': 'pg_catalog'}
2026-08-17 11:55 - INFO - SELECT magnitude FROM earthquakes
2026-08-17 11:55 - INFO - [raw sql] {}
2026-08-17 11:55 - INFO - ROLLBACK
